// Jest Snapshot v1, https://goo.gl/fbAQLP

exports[`MuiAppBar Rendering Should render without throwing any errors 1`] = `
<div>
  <header
    class="MuiPaper-root MuiPaper-elevation MuiPaper-elevation4 MuiAppBar-root MuiAppBar-colorDefault MuiAppBar-positionFixed mui-fixed css-6nrce0-MuiPaper-root-MuiAppBar-root"
  />
</div>
`;
